// Jest Snapshot v1, https://goo.gl/fbAQLP

exports[`templates: populates yaml tempalate 1`] = `
Object {
  ".gitignore": "dist
node_modules

.DS_Store
*.log*",
  ".huskyrc.json": "{
  \\"hooks\\": {
    \\"pre-commit\\": \\"npm run make\\"
  }
}
",
  "README.md": "# LabelSync Template

Hi :wave:,

Welcome to LabelSync. We are very excited to see you use our service. We believe that managing organisations should be simple, that's why we built LabelSync.

## What this template includes?

- \`label-sync\`: utility package for generating configuration file
- \`huskyrc\`: pre-commit hooks
- \`prettier\`: code formatting
",
  "labelsync.yml": "repos: {}
",
  "package.json": "{
  \\"name\\": \\"labelsync\\",
  \\"version\\": \\"0.0.0\\",
  \\"private\\": true,
  \\"main\\": \\"index.js\\",
  \\"scripts\\": {
    \\"make\\": \\"ts-node src/index.ts\\"
  },
  \\"dependencies\\": {
    \\"husky\\": \\"3.1.0\\",
    \\"label-sync\\": \\"latest\\"
  },
  \\"devDependencies\\": {
    \\"prettier\\": \\"1.19.1\\",
    \\"ts-node\\": \\"8.6.2\\",
    \\"typescript\\": \\"3.8.3\\"
  },
  \\"license\\": \\"MIT\\"
}
",
  "prettier.config.js": "module.exports = {
  semi: false,
  singleQuote: true,
  trailingComma: 'all',
}
",
  "src/colors.ts": "export const colors = {
  area: 'FFD700',
  kind: '3B5BDB',
  status: 'F8F9FA',
  bug: 'ee0000',
  priority: 'F783AC',
  scope: '27CF79',
  team: 'FDF4E8',
  release: 'a5d8ff',
  process: 'EB9100',
}
",
  "src/index.ts": "import { configuration, make } from 'label-sync'

import { github } from './repositories/github'
import { prisma } from './repositories/prisma'

/**
 * Create a configuration instance by definining repositories
 * and their configurations.
 */
const config = configuration({
  repositories: {
    /**
     * replace repository name with your own repositories
     */
    // 'emma-cli': github,
  },
})

/* Generates labelsync.yml into the root of repository. */
make({
  configs: [config],
})
",
  "src/repositories/github.ts": "import { repository, label } from 'label-sync'

/**
 * Default collection of label in a Github repository.
 */
export const github = repository({
  strict: false,
  labels: {
    bug: label({
      color: '#d73a4a',
      description: \\"Something isn't working\\",
    }),
    documentation: label({
      color: '#0075ca',
      description: 'Improvements or additions to documentation',
    }),
    duplicate: label({
      color: '#cfd3d7',
      description: 'This issue or pull request already exists',
    }),
    enhancement: label({
      color: '#a2eeef',
      description: 'New feature or request',
    }),
    'good first issue': label({
      color: '#7057ff',
      description: 'Good for newcomers',
    }),
    'help wanted': label({
      color: '#008672',
      description: 'Extra attention is needed',
    }),
    invalid: label({
      color: '#e4e669',
      description: \\"This doesn't seem right\\",
    }),
    question: label({
      color: '#d876e3',
      description: 'Further information is requested',
    }),
    wontfix: label({
      color: '#000000',
      description: 'This will not be worked on',
    }),
  },
})
",
  "src/repositories/prisma.ts": "import { repository, label } from 'label-sync'

import { colors } from '../colors'

/**
 * Label configuration used internally by Prisma team. Labels are grouped
 * by their intention (e.g. bug/*, kind/*, process/*) and give
 * great base for issue triaging.
 */

export const prisma = repository({
  strict: false,
  labels: {
    /* Bugs */
    'bug/0-needs-info': label({
      color: colors.bug,
      description: 'More information is needed for reproduction.',
    }),
    'bug/1-repro-available': label({
      color: colors.bug,
      description: 'A reproduction exists and needs to be confirmed.',
    }),
    'bug/2-confirmed': label({
      color: colors.bug,
      description: 'We have confirmed that this is a bug.',
    }),
    /* Kind */
    'kind/bug': label({
      color: colors.kind,
      description: 'A reported bug.',
    }),
    'kind/regression': label({
      color: colors.kind,
      description: 'A reported bug in functionality that used to work before.',
    }),
    'kind/feature': label({
      color: colors.kind,
      description: 'A request for a new feature.',
    }),
    'kind/improvement': label({
      color: colors.kind,
      description: 'An improvement to existing feature and code.',
    }),
    'kind/docs': label({
      color: colors.kind,
      description: 'A documentation change is required.',
    }),
    'kind/discussion': label({
      color: colors.kind,
      description: 'Discussion is required.',
    }),
    'kind/question': label({
      color: colors.kind,
      description: 'Developer asked a question. No code changes required.',
    }),
    /* Process triaging. */
    'process/candidate': label({
      color: colors.process,
      description: 'Candidate for next Milestone.',
    }),
    'process/next-milestone': label({
      color: colors.process,
      description: 'Issue earmarked for next Milestone.',
    }),
    'process/product': label({
      color: colors.process,
      description:
        'Temporary label to export products issues from the Engineering process',
    }),
  },
})
",
  "tsconfig.json": "{
  \\"compilerOptions\\": {
    \\"target\\": \\"es2017\\",
    \\"module\\": \\"commonjs\\",
    \\"lib\\": [\\"dom\\", \\"es2017\\", \\"es2019\\"],
    \\"rootDir\\": \\"src\\",
    \\"outDir\\": \\"dist\\"
  }
}
",
}
`;

exports[`templates: populates yaml tempalate 2`] = `
Object {
  ".gitignore": "dist
node_modules

.DS_Store
*.log*",
  "README.md": "",
  "labelsync.yml": "# Colors
colors:
  area: &area '#FFD700'
  kind: &kind '#3B5BDB'
  status: &status '#F8F9FA'
  bug: &bug '#EE0000'
  priority: &priority '#F783AC'
  scope: &scope '#27CF79'
  team: &team'#FDF4E8'
  release: &release '#A5D8ff'
  process: &process' '#EB9100'

# Labels
labels: &common
  'bug/0-needs-info':
    color: &bug
    description: More information is needed for reproduction.
  'bug/1-repro-available':
    color: &bug
    description: A reproduction exists and needs to be confirmed.
  'bug/2-confirmed':
    color: &bug
    description: We have confirmed that this is a bug.
  'kind/bug':
    color: &bug
    description: A reported bug.
  'kind/regression':
    color: &kind
    description: A reported bug in functionality that used to work before.
  'kind/feature':
    color: &kind
    description: A request for a new feature.
  'kind/improvement':
    color: &kind
    description: An improvement to existing feature and code.
  'kind/docs':
    color: &kind
    description: A documentation change is required.
  'kind/discussion':
    color: &kind
    description: Discussion is required.
  'kind/question':
    color: &kind
    description: Developer asked a question. No code changes required.
  'process/candidate':
    color: &process
    description: Candidate for next Milestone.
  'process/next-milestone':
    color: &process
    description: Issue earmarked for next Milestone.
  'process/product':
    color: &process
    description: Temporary label to export products issues from the Engineering process

repos:
    
    
",
}
`;
