// Jest Snapshot v1, https://goo.gl/fbAQLP

exports[`Reporters correctly build report for organization sync 1`] = `
"
Synced labels accross 3 repositories;

Synced github-labels:
  

Added 1 labels:
[38;2;0;0;0m - test[39m
[38;2;0;0;0m[39m
        
  

Updated 1 labels:
[38;2;0;0;0m - bug[39m
[38;2;0;0;0m[39m
        
  

Removed 1 labels:
[38;2;0;0;0m - enchantment[39m
[38;2;0;0;0m[39m
                  
    


Synced graphql-shield:
  

Added 1 labels:
[38;2;0;0;0m - test[39m
[38;2;0;0;0m[39m
        
  

Updated 1 labels:
[38;2;0;0;0m - bug[39m
[38;2;0;0;0m[39m
        
  

1 labels should be removed;
[38;2;0;0;0m - enchantment[39m
[38;2;0;0;0m[39m

To remove them, set \\"strict\\" property to true in repository configuration.
    
    


Synced github-labels:
  
No new labels.
  
No labels updated.
  
No labels removed.
    
      "
`;
