// Jest Snapshot v1, https://goo.gl/fbAQLP

exports[`rest: FREE creates a resource 1`] = `
Object {
  "account": "maticzav",
  "activated": false,
  "email": "test@label-sync.com",
  "plan": "FREE",
}
`;

exports[`rest: PAID creates a checkout session 1`] = `
Object {
  "account": "maticzav",
  "activated": false,
  "email": "test@label-sync.com",
  "plan": "FREE",
}
`;
