// Jest Snapshot v1, https://goo.gl/fbAQLP

exports[`language: correctly generates human readable report 1`] = `
"## LabelSync Overview 

#### \\\\\`failure\\\\\`

Couldn't make a diff of labels.

---

### \`changed\`

__New labels:__
 * ![bug/2](https://img.shields.io/static/v1?color=33&label=&message=bug%2F2 \\"bug/2\\")

__Changed labels:__
 * ![bug/1](https://img.shields.io/static/v1?color=00&label=&message=bug%2F1 \\"bug/1\\")
 * ![label/old](https://img.shields.io/static/v1?color=inactive&label=&message=label%2Fold \\"label/old\\") → ![label/new](https://img.shields.io/static/v1?color=00&label=&message=label%2Fnew \\"label/new\\")

__Aliased labels:__
 * ![label/alias](https://img.shields.io/static/v1?color=inactive&label=&message=label%2Falias \\"label/alias\\") → ![label/new-alias](https://img.shields.io/static/v1?color=00&label=&message=label%2Fnew-alias \\"label/new-alias\\")

__Removed labels:__
 * ![bug/3](https://img.shields.io/static/v1?color=ff&label=&message=bug%2F3 \\"bug/3\\")

---

### \`unchanged\`

Nothing changed! 🙈

---

### \`removals\`

__New labels:__
No new labels created.

__Changed labels:__
No changed labels.

__Aliased labels:__
No aliases.

__Removed labels:__
 * ![bug/3](https://img.shields.io/static/v1?color=ff&label=&message=bug%2F3 \\"bug/3\\")"
`;
