// Jest Snapshot v1, https://goo.gl/fbAQLP

exports[`language: correctly generates human readable report 1`] = `
"## LabelSync Overview 

#### \\\\\`labelsync\\\\\`

Couldn't make a diff of labels.
---
### \`changed\`

__New labels:__
 * bug/2

__Changed labels:__
 * bug/1
 * label/old => label/new

__Aliased labels:__
 * label/alias => label/new-alias

__Removed labels:__
 * bug/3"
`;
