// Jest Snapshot v1, https://goo.gl/fbAQLP

exports[`language: correctly generates human readable report 1`] = `
"## PullRequest Overview 
> NOTE: This is only a preview of what will happen. Nothing has been changed yet.

#### labelsync

Couldn't make a diff of labels.
#### graphql-shield

__New labels:__
 * bug/2

__Changed labels:__
 * bug/1

__Remvoed labels:__
 * bug/3"
`;
